// Jest Snapshot v1, https://goo.gl/fbAQLP

exports[`Application root renders without crashing 1`] = `"{\\"_reactInternalInstance\\":\\"censored\\"}"`;
